ASxxxx Linker V05.00,  page 1.
Hexidecimal  [16-Bits]

Area                       Addr        Size        Decimal Bytes (Attributes)
--------------------       ----        ----        ------- ----- ------------
.  .ABS.                   0000        0000 =           0. bytes (ABS,OVR,CSEG)

         Value  Global                             Global Defined In Module
         -----  --------------------------------   ------------------------
          0000  l__DATA                         
          0000  l__CODE                         
          0000  s_PROG                          
          0000  s__DATA                         
          0000  s__CODE                         
          0000  .__.ABS.                           
          0017  l_PROG                          
          FF00  pantalla                           
          FF01  fin                                

ASxxxx Linker V05.00,  page 2.
Hexidecimal  [16-Bits]

Area                       Addr        Size        Decimal Bytes (Attributes)
--------------------       ----        ----        ------- ----- ------------
PROG                       0000        0017 =          23. bytes (ABS,OVR,CSEG)

         Value  Global                             Global Defined In Module
         -----  --------------------------------   ------------------------
          0000  imprimir_hex                       
          0005  imprimir_hex_loop                  
          000F  imprimir_hex_digit                 
          0011  imprimir_hex_store                 
          0100  sumando1                           
          0102  sumando2                           
          0104  suma1                              
          0106  suma2                              
          0108  programa                           

ASxxxx Linker V05.00,  page 3.

Files Linked                              [ module(s) ]

ejercicio4.rel                            [  ]


