ASxxxx Linker V05.00,  page 1.
Hexidecimal  [16-Bits]

Area                       Addr        Size        Decimal Bytes (Attributes)
--------------------       ----        ----        ------- ----- ------------
.  .ABS.                   0000        0000 =           0. bytes (ABS,OVR,CSEG)

         Value  Global                             Global Defined In Module
         -----  --------------------------------   ------------------------
          0000  l__DATA                         
          0000  l__CODE                         
          0000  s_PROG                          
          0000  s__DATA                         
          0000  s__CODE                         
          0000  .__.ABS.                           
          0038  l_PROG                          
          FF00  pantalla                           
          FF01  fin                                
          FF02  entrada                            

ASxxxx Linker V05.00,  page 2.
Hexidecimal  [16-Bits]

Area                       Addr        Size        Decimal Bytes (Attributes)
--------------------       ----        ----        ------- ----- ------------
PROG                       0000        0038 =          56. bytes (ABS,OVR,CSEG)

         Value  Global                             Global Defined In Module
         -----  --------------------------------   ------------------------
          0000  daa                                
          0012  daa_ajusteBajo                     
          0016  daa_sinAjusteBajo                  
          0022  daa_ajusteAlto                     
          0028  daa_sinAjusteAlto                  
          0100  temp                               
          0102  num1                               
          0103  num2                               
          0104  num3                               
          0105  num4                               
          0106  result                             
          0108  programa                           
          018D  imprimir_digito1                   
          019D  imprimir_digito2                   

ASxxxx Linker V05.00,  page 3.

Files Linked                              [ module(s) ]

Ejercicio7.rel                            [  ]


