ASxxxx Linker V05.00,  page 1.
Hexidecimal  [16-Bits]

Area                       Addr        Size        Decimal Bytes (Attributes)
--------------------       ----        ----        ------- ----- ------------
.  .ABS.                   0000        0000 =           0. bytes (ABS,OVR,CSEG)

         Value  Global                             Global Defined In Module
         -----  --------------------------------   ------------------------
          0000  l__DATA                         
          0000  s__DATA                         
          0000  l_FIJA                          
          0000  s_FIJA                          
          0000  s_BSS                           
          0000  .__.ABS.                           diagonal_dominante
          00B2  l_BSS                           
          0100  s__CODE                         
          0536  l__CODE                         
          E000  m                                  diagonal_dominante
          FF00  pantalla                           diagonal_dominante

ASxxxx Linker V05.00,  page 2.
Hexidecimal  [16-Bits]

Area                       Addr        Size        Decimal Bytes (Attributes)
--------------------       ----        ----        ------- ----- ------------
BSS                        0000        00B2 =         178. bytes (REL,CON,CSEG)

         Value  Global                             Global Defined In Module
         -----  --------------------------------   ------------------------
          0005  mostrar_diagonal_menor             imp_diagonal

ASxxxx Linker V05.00,  page 3.
Hexidecimal  [16-Bits]
[ Bank == _CSEG ]

Area                       Addr        Size        Decimal Bytes (Attributes)
--------------------       ----        ----        ------- ----- ------------
_CODE                      0100        0536 =        1334. bytes (REL,CON,CSEG)

         Value  Global                             Global Defined In Module
         -----  --------------------------------   ------------------------
          0104  imprime_cadena                     imprimir
          0111  imprime_byte                       imprimir
          0145  imprime_decimal                    imprimir
          01C0  leeByte                            leer
          01DA  leeDecimal                         leer
          0224  carga_mat                          carga_mat
          024C  imp_mat                            carga_mat
          02A1  columnas                           main
          02A2  filas                              main
          046C  mostrar_columna_maxima             imp_columna_max
          055E  diagonal_dominante                 diagonal_dominante

ASxxxx Linker V05.00,  page 4.

Files Linked                              [ module(s) ]

imprimir.rel                              [ imprimir ]
leer.rel                                  [ leer ]
carga_mat.rel                             [ carga_mat ]
main.rel                                  [ main ]
imp_columna_max.rel                       [ imp_columna_max ]
imp_diagonal.rel                          [ imp_diagonal ]
diagonal_dominante.rel                    [ diagonal_dominante ]

ASxxxx Linker V05.00,  page 5.

User Base Address Definitions

_CODE=0x100

